LAMMPS (30 Aug 2012)
Reading data file ...
  orthogonal box = (0 0 0) to (17.1317 10 50)
  1 by 1 by 1 MPI processor grid
  300 atoms
120 atoms in group fixPosH
119 atoms in group fixPosL
61 atoms in group optPos
Setting up minimization ...
Memory usage per processor = 3.26795 Mbytes
Step PotEng TotEng Lx Ly Lz 
       0     1718.287     1718.287      17.1317           10           50 
       1    717.99228    717.99228      17.1317           10           50 
       2    136.59318    136.59318      17.1317           10           50 
       3    -163.2432    -163.2432      17.1317           10           50 
       4   -340.47276   -340.47276      17.1317           10           50 
       5   -482.92813   -482.92813      17.1317           10           50 
       6   -604.34145   -604.34145      17.1317           10           50 
       7    -697.3234    -697.3234      17.1317           10           50 
       8   -777.23617   -777.23617      17.1317           10           50 
       9    -836.8541    -836.8541      17.1317           10           50 
      10   -865.05981   -865.05981      17.1317           10           50 
Loop time of 0.376043 on 1 procs for 10 steps with 300 atoms

Minimization stats:
  Stopping criterion = max force evaluations
  Energy initial, next-to-last, final = 
          1718.2870481      -836.85410014     -865.059807593
  Force two-norm initial, final = 12845.5 243.565
  Force max component initial, final = 12780.4 129.16
  Final line search alpha, max atom move = 0.000517558 0.0668479
  Iterations, force evaluations = 10 10

Pair  time (%) = 0.153376 (40.7868)
Neigh time (%) = 0.219221 (58.2968)
Comm  time (%) = 0.00143099 (0.380538)
Outpt time (%) = 0.000133276 (0.0354417)
Other time (%) = 0.0018816 (0.500368)

Nlocal:    300 ave 300 max 300 min
Histogram: 1 0 0 0 0 0 0 0 0 0
Nghost:    2381 ave 2381 max 2381 min
Histogram: 1 0 0 0 0 0 0 0 0 0
Neighs:    0 ave 0 max 0 min
Histogram: 1 0 0 0 0 0 0 0 0 0
FullNghs:  46662 ave 46662 max 46662 min
Histogram: 1 0 0 0 0 0 0 0 0 0

Total # of neighbors = 46662
Ave neighs/atom = 155.54
Neighbor list builds = 10
Dangerous builds = 10
