LAMMPS (30 Aug 2012)
Reading data file ...
  orthogonal box = (0 0 0) to (17.1317 10 50)
  1 by 1 by 1 MPI processor grid
  300 atoms
120 atoms in group fixPosH
119 atoms in group fixPosL
61 atoms in group optPos
Setting up minimization ...
Memory usage per processor = 3.26754 Mbytes
Step PotEng TotEng Lx Ly Lz 
       0    -435.3128    -435.3128      17.1317           10           50 
       1   -660.50307   -660.50307      17.1317           10           50 
       2   -834.60198   -834.60198      17.1317           10           50 
       3   -921.12767   -921.12767      17.1317           10           50 
       4   -975.76887   -975.76887      17.1317           10           50 
       5   -1010.8485   -1010.8485      17.1317           10           50 
       6   -1038.0734   -1038.0734      17.1317           10           50 
       7   -1065.6868   -1065.6868      17.1317           10           50 
       8    -1092.802    -1092.802      17.1317           10           50 
       9   -1119.3111   -1119.3111      17.1317           10           50 
      10   -1138.2594   -1138.2594      17.1317           10           50 
Loop time of 0.365082 on 1 procs for 10 steps with 300 atoms

Minimization stats:
  Stopping criterion = max force evaluations
  Energy initial, next-to-last, final = 
        -435.312803835     -1119.31108024     -1138.25935413
  Force two-norm initial, final = 1562 89.5787
  Force max component initial, final = 1005.74 56.321
  Final line search alpha, max atom move = 0.00164193 0.0924751
  Iterations, force evaluations = 10 10

Pair  time (%) = 0.145315 (39.8034)
Neigh time (%) = 0.216282 (59.2421)
Comm  time (%) = 0.0014298 (0.391637)
Outpt time (%) = 0.000135183 (0.0370282)
Other time (%) = 0.00191975 (0.52584)

Nlocal:    300 ave 300 max 300 min
Histogram: 1 0 0 0 0 0 0 0 0 0
Nghost:    2359 ave 2359 max 2359 min
Histogram: 1 0 0 0 0 0 0 0 0 0
Neighs:    0 ave 0 max 0 min
Histogram: 1 0 0 0 0 0 0 0 0 0
FullNghs:  46556 ave 46556 max 46556 min
Histogram: 1 0 0 0 0 0 0 0 0 0

Total # of neighbors = 46556
Ave neighs/atom = 155.187
Neighbor list builds = 10
Dangerous builds = 10
