LAMMPS (30 Aug 2012)
Reading data file ...
  orthogonal box = (0 0 0) to (17.1317 10 50)
  1 by 1 by 1 MPI processor grid
  300 atoms
120 atoms in group fixPosH
119 atoms in group fixPosL
61 atoms in group optPos
Setting up minimization ...
Memory usage per processor = 3.26795 Mbytes
Step PotEng TotEng Lx Ly Lz 
       0   -439.77871   -439.77871      17.1317           10           50 
       1   -830.87137   -830.87137      17.1317           10           50 
       2   -1002.3684   -1002.3684      17.1317           10           50 
       3   -1079.2202   -1079.2202      17.1317           10           50 
       4   -1115.0732   -1115.0732      17.1317           10           50 
       5   -1133.1753   -1133.1753      17.1317           10           50 
       6   -1145.3426   -1145.3426      17.1317           10           50 
       7   -1159.0157   -1159.0157      17.1317           10           50 
       8   -1168.3294   -1168.3294      17.1317           10           50 
       9   -1176.1013   -1176.1013      17.1317           10           50 
      10   -1181.7278   -1181.7278      17.1317           10           50 
Loop time of 0.375336 on 1 procs for 10 steps with 300 atoms

Minimization stats:
  Stopping criterion = max force evaluations
  Energy initial, next-to-last, final = 
         -439.77870942     -1176.10130492     -1181.72784694
  Force two-norm initial, final = 3701.2 17.8587
  Force max component initial, final = 2462.19 5.39302
  Final line search alpha, max atom move = 0.00747497 0.0403127
  Iterations, force evaluations = 10 10

Pair  time (%) = 0.140975 (37.5597)
Neigh time (%) = 0.230863 (61.5085)
Comm  time (%) = 0.00146627 (0.390657)
Outpt time (%) = 0.000147343 (0.0392562)
Other time (%) = 0.00188375 (0.501882)

Nlocal:    300 ave 300 max 300 min
Histogram: 1 0 0 0 0 0 0 0 0 0
Nghost:    2427 ave 2427 max 2427 min
Histogram: 1 0 0 0 0 0 0 0 0 0
Neighs:    0 ave 0 max 0 min
Histogram: 1 0 0 0 0 0 0 0 0 0
FullNghs:  45790 ave 45790 max 45790 min
Histogram: 1 0 0 0 0 0 0 0 0 0

Total # of neighbors = 45790
Ave neighs/atom = 152.633
Neighbor list builds = 10
Dangerous builds = 10
