LAMMPS (30 Aug 2012)
Reading data file ...
  orthogonal box = (0 0 0) to (17.1317 10 50)
  1 by 1 by 1 MPI processor grid
  300 atoms
120 atoms in group fixPosH
119 atoms in group fixPosL
61 atoms in group optPos
Setting up minimization ...
Memory usage per processor = 3.26891 Mbytes
Step PotEng TotEng Lx Ly Lz 
       0   -1102.2407   -1102.2407      17.1317           10           50 
       1   -1125.9376   -1125.9376      17.1317           10           50 
       2   -1139.0981   -1139.0981      17.1317           10           50 
       3   -1149.3188   -1149.3188      17.1317           10           50 
       4     -1162.54     -1162.54      17.1317           10           50 
       5   -1172.0935   -1172.0935      17.1317           10           50 
       6   -1176.9934   -1176.9934      17.1317           10           50 
       7   -1183.2925   -1183.2925      17.1317           10           50 
       8   -1187.7122   -1187.7122      17.1317           10           50 
       9   -1191.0806   -1191.0806      17.1317           10           50 
      10   -1194.2649   -1194.2649      17.1317           10           50 
Loop time of 0.364472 on 1 procs for 10 steps with 300 atoms

Minimization stats:
  Stopping criterion = max force evaluations
  Energy initial, next-to-last, final = 
        -1102.24073181     -1191.08058457     -1194.26494196
  Force two-norm initial, final = 355.645 13.9734
  Force max component initial, final = 236.567 7.70028
  Final line search alpha, max atom move = 0.021056 0.162137
  Iterations, force evaluations = 10 10

Pair  time (%) = 0.134809 (36.9874)
Neigh time (%) = 0.226151 (62.049)
Comm  time (%) = 0.00148439 (0.407273)
Outpt time (%) = 0.000137329 (0.0376789)
Other time (%) = 0.00189042 (0.518674)

Nlocal:    300 ave 300 max 300 min
Histogram: 1 0 0 0 0 0 0 0 0 0
Nghost:    2466 ave 2466 max 2466 min
Histogram: 1 0 0 0 0 0 0 0 0 0
Neighs:    0 ave 0 max 0 min
Histogram: 1 0 0 0 0 0 0 0 0 0
FullNghs:  45498 ave 45498 max 45498 min
Histogram: 1 0 0 0 0 0 0 0 0 0

Total # of neighbors = 45498
Ave neighs/atom = 151.66
Neighbor list builds = 10
Dangerous builds = 10
