LAMMPS (30 Aug 2012)
Reading data file ...
  orthogonal box = (0 0 0) to (17.1317 10 50)
  1 by 1 by 1 MPI processor grid
  300 atoms
120 atoms in group fixPosH
119 atoms in group fixPosL
61 atoms in group optPos
Setting up minimization ...
Memory usage per processor = 3.26795 Mbytes
Step PotEng TotEng Lx Ly Lz 
       0   -223.52179   -223.52179      17.1317           10           50 
       1   -741.97475   -741.97475      17.1317           10           50 
       2   -908.61965   -908.61965      17.1317           10           50 
       3   -996.66897   -996.66897      17.1317           10           50 
       4   -1061.7501   -1061.7501      17.1317           10           50 
       5   -1097.2305   -1097.2305      17.1317           10           50 
       6    -1118.721    -1118.721      17.1317           10           50 
       7   -1135.7452   -1135.7452      17.1317           10           50 
       8   -1147.9832   -1147.9832      17.1317           10           50 
       9   -1157.9752   -1157.9752      17.1317           10           50 
      10    -1165.336    -1165.336      17.1317           10           50 
Loop time of 0.361653 on 1 procs for 10 steps with 300 atoms

Minimization stats:
  Stopping criterion = max force evaluations
  Energy initial, next-to-last, final = 
        -223.521785055     -1157.97515947      -1165.3359514
  Force two-norm initial, final = 5988.52 44.779
  Force max component initial, final = 3416.45 28.0307
  Final line search alpha, max atom move = 0.00292646 0.0820306
  Iterations, force evaluations = 10 10

Pair  time (%) = 0.142593 (39.4281)
Neigh time (%) = 0.215593 (59.6131)
Comm  time (%) = 0.00142193 (0.393175)
Outpt time (%) = 0.000145435 (0.0402141)
Other time (%) = 0.00189996 (0.525354)

Nlocal:    300 ave 300 max 300 min
Histogram: 1 0 0 0 0 0 0 0 0 0
Nghost:    2363 ave 2363 max 2363 min
Histogram: 1 0 0 0 0 0 0 0 0 0
Neighs:    0 ave 0 max 0 min
Histogram: 1 0 0 0 0 0 0 0 0 0
FullNghs:  46746 ave 46746 max 46746 min
Histogram: 1 0 0 0 0 0 0 0 0 0

Total # of neighbors = 46746
Ave neighs/atom = 155.82
Neighbor list builds = 10
Dangerous builds = 10
