LAMMPS (30 Aug 2012)
Reading data file ...
  orthogonal box = (0 0 0) to (17.1317 10 50)
  1 by 1 by 1 MPI processor grid
  300 atoms
120 atoms in group fixPosH
119 atoms in group fixPosL
61 atoms in group optPos
Setting up minimization ...
Memory usage per processor = 3.26767 Mbytes
Step PotEng TotEng Lx Ly Lz 
       0   -842.45959   -842.45959      17.1317           10           50 
       1   -989.10276   -989.10276      17.1317           10           50 
       2   -1071.7683   -1071.7683      17.1317           10           50 
       3   -1117.4317   -1117.4317      17.1317           10           50 
       4   -1145.7226   -1145.7226      17.1317           10           50 
       5   -1157.9305   -1157.9305      17.1317           10           50 
       6   -1166.3936   -1166.3936      17.1317           10           50 
       7   -1174.4306   -1174.4306      17.1317           10           50 
       8   -1179.4533   -1179.4533      17.1317           10           50 
       9   -1183.3527   -1183.3527      17.1317           10           50 
      10   -1186.0574   -1186.0574      17.1317           10           50 
Loop time of 0.364135 on 1 procs for 10 steps with 300 atoms

Minimization stats:
  Stopping criterion = max force evaluations
  Energy initial, next-to-last, final = 
        -842.459590031      -1183.3527156     -1186.05736146
  Force two-norm initial, final = 1088.79 10.8794
  Force max component initial, final = 685.938 5.1234
  Final line search alpha, max atom move = 0.0148637 0.0761527
  Iterations, force evaluations = 10 10

Pair  time (%) = 0.142837 (39.2264)
Neigh time (%) = 0.217744 (59.7976)
Comm  time (%) = 0.0014379 (0.394882)
Outpt time (%) = 0.000145197 (0.0398745)
Other time (%) = 0.00197077 (0.541219)

Nlocal:    300 ave 300 max 300 min
Histogram: 1 0 0 0 0 0 0 0 0 0
Nghost:    2356 ave 2356 max 2356 min
Histogram: 1 0 0 0 0 0 0 0 0 0
Neighs:    0 ave 0 max 0 min
Histogram: 1 0 0 0 0 0 0 0 0 0
FullNghs:  46742 ave 46742 max 46742 min
Histogram: 1 0 0 0 0 0 0 0 0 0

Total # of neighbors = 46742
Ave neighs/atom = 155.807
Neighbor list builds = 10
Dangerous builds = 10
