LAMMPS (30 Aug 2012)
Reading data file ...
  orthogonal box = (0 0 0) to (17.1317 10 50)
  1 by 1 by 1 MPI processor grid
  300 atoms
120 atoms in group fixPosH
119 atoms in group fixPosL
61 atoms in group optPos
Setting up minimization ...
Memory usage per processor = 3.26754 Mbytes
Step PotEng TotEng Lx Ly Lz 
       0   -768.54911   -768.54911      17.1317           10           50 
       1   -856.76721   -856.76721      17.1317           10           50 
       2   -927.35897   -927.35897      17.1317           10           50 
       3   -978.72516   -978.72516      17.1317           10           50 
       4   -1022.1701   -1022.1701      17.1317           10           50 
       5   -1057.8568   -1057.8568      17.1317           10           50 
       6   -1079.0591   -1079.0591      17.1317           10           50 
       7   -1097.8582   -1097.8582      17.1317           10           50 
       8    -1113.057    -1113.057      17.1317           10           50 
       9   -1126.1616   -1126.1616      17.1317           10           50 
      10   -1136.5154   -1136.5154      17.1317           10           50 
Loop time of 0.362603 on 1 procs for 10 steps with 300 atoms

Minimization stats:
  Stopping criterion = max force evaluations
  Energy initial, next-to-last, final = 
        -768.549111363     -1126.16158406     -1136.51536118
  Force two-norm initial, final = 952.685 148.811
  Force max component initial, final = 455.597 98.6116
  Final line search alpha, max atom move = 0.00234072 0.230822
  Iterations, force evaluations = 10 10

Pair  time (%) = 0.143918 (39.6903)
Neigh time (%) = 0.215273 (59.3687)
Comm  time (%) = 0.00141501 (0.390238)
Outpt time (%) = 0.000130892 (0.0360978)
Other time (%) = 0.0018661 (0.51464)

Nlocal:    300 ave 300 max 300 min
Histogram: 1 0 0 0 0 0 0 0 0 0
Nghost:    2349 ave 2349 max 2349 min
Histogram: 1 0 0 0 0 0 0 0 0 0
Neighs:    0 ave 0 max 0 min
Histogram: 1 0 0 0 0 0 0 0 0 0
FullNghs:  46484 ave 46484 max 46484 min
Histogram: 1 0 0 0 0 0 0 0 0 0

Total # of neighbors = 46484
Ave neighs/atom = 154.947
Neighbor list builds = 10
Dangerous builds = 10
