LAMMPS (30 Aug 2012)
Reading data file ...
  orthogonal box = (0 0 0) to (17.1317 10 50)
  1 by 1 by 1 MPI processor grid
  300 atoms
120 atoms in group fixPosH
119 atoms in group fixPosL
61 atoms in group optPos
Setting up minimization ...
Memory usage per processor = 3.26712 Mbytes
Step PotEng TotEng Lx Ly Lz 
       0    -1083.535    -1083.535      17.1317           10           50 
       1   -1108.2039   -1108.2039      17.1317           10           50 
       2   -1126.8675   -1126.8675      17.1317           10           50 
       3   -1142.4175   -1142.4175      17.1317           10           50 
       4   -1155.9717   -1155.9717      17.1317           10           50 
       5   -1166.0385   -1166.0385      17.1317           10           50 
       6   -1172.9546   -1172.9546      17.1317           10           50 
       7   -1178.4733   -1178.4733      17.1317           10           50 
       8   -1184.3907   -1184.3907      17.1317           10           50 
       9   -1189.8071   -1189.8071      17.1317           10           50 
      10   -1192.7736   -1192.7736      17.1317           10           50 
Loop time of 0.36137 on 1 procs for 10 steps with 300 atoms

Minimization stats:
  Stopping criterion = max force evaluations
  Energy initial, next-to-last, final = 
        -1083.53504132     -1189.80707897     -1192.77358509
  Force two-norm initial, final = 261.466 31.3412
  Force max component initial, final = 221.438 11.638
  Final line search alpha, max atom move = 0.0193413 0.225095
  Iterations, force evaluations = 10 10

Pair  time (%) = 0.144766 (40.0603)
Neigh time (%) = 0.213075 (58.9632)
Comm  time (%) = 0.00142884 (0.395396)
Outpt time (%) = 0.000135899 (0.0376065)
Other time (%) = 0.00196409 (0.543513)

Nlocal:    300 ave 300 max 300 min
Histogram: 1 0 0 0 0 0 0 0 0 0
Nghost:    2347 ave 2347 max 2347 min
Histogram: 1 0 0 0 0 0 0 0 0 0
Neighs:    0 ave 0 max 0 min
Histogram: 1 0 0 0 0 0 0 0 0 0
FullNghs:  46548 ave 46548 max 46548 min
Histogram: 1 0 0 0 0 0 0 0 0 0

Total # of neighbors = 46548
Ave neighs/atom = 155.16
Neighbor list builds = 10
Dangerous builds = 10
