LAMMPS (30 Aug 2012)
Reading data file ...
  orthogonal box = (0 0 0) to (17.1317 10 50)
  1 by 1 by 1 MPI processor grid
  300 atoms
120 atoms in group fixPosH
119 atoms in group fixPosL
61 atoms in group optPos
Setting up minimization ...
Memory usage per processor = 3.26877 Mbytes
Step PotEng TotEng Lx Ly Lz 
       0   -1016.8851   -1016.8851      17.1317           10           50 
       1   -1063.1876   -1063.1876      17.1317           10           50 
       2   -1090.2143   -1090.2143      17.1317           10           50 
       3   -1121.4073   -1121.4073      17.1317           10           50 
       4   -1144.0758   -1144.0758      17.1317           10           50 
       5   -1155.7338   -1155.7338      17.1317           10           50 
       6   -1168.1943   -1168.1943      17.1317           10           50 
       7   -1176.7077   -1176.7077      17.1317           10           50 
       8   -1183.2246   -1183.2246      17.1317           10           50 
       9   -1188.0975   -1188.0975      17.1317           10           50 
      10   -1191.4883   -1191.4883      17.1317           10           50 
Loop time of 0.364109 on 1 procs for 10 steps with 300 atoms

Minimization stats:
  Stopping criterion = max force evaluations
  Energy initial, next-to-last, final = 
        -1016.88514931     -1188.09750352     -1191.48834352
  Force two-norm initial, final = 260.514 17.7155
  Force max component initial, final = 126.299 6.55229
  Final line search alpha, max atom move = 0.00077486 0.0050771
  Iterations, force evaluations = 10 10

Pair  time (%) = 0.140071 (38.4696)
Neigh time (%) = 0.220562 (60.5758)
Comm  time (%) = 0.00145555 (0.399755)
Outpt time (%) = 0.000132561 (0.0364069)
Other time (%) = 0.00188756 (0.518405)

Nlocal:    300 ave 300 max 300 min
Histogram: 1 0 0 0 0 0 0 0 0 0
Nghost:    2402 ave 2402 max 2402 min
Histogram: 1 0 0 0 0 0 0 0 0 0
Neighs:    0 ave 0 max 0 min
Histogram: 1 0 0 0 0 0 0 0 0 0
FullNghs:  46870 ave 46870 max 46870 min
Histogram: 1 0 0 0 0 0 0 0 0 0

Total # of neighbors = 46870
Ave neighs/atom = 156.233
Neighbor list builds = 10
Dangerous builds = 10
